../Core/Src/main.c:64:13:Aon	4	static
../Core/Src/main.c:68:13:Bon	4	static
../Core/Src/main.c:72:13:Con	4	static
../Core/Src/main.c:76:13:Don	4	static
../Core/Src/main.c:81:13:Aoff	4	static
../Core/Src/main.c:85:13:Boff	4	static
../Core/Src/main.c:89:13:Coff	4	static
../Core/Src/main.c:93:13:Doff	4	static
../Core/Src/main.c:97:5:main	8	static
../Core/Src/main.c:212:6:SystemClock_Config	72	static
../Core/Src/main.c:249:13:MX_GPIO_Init	32	static
../Core/Src/main.c:282:6:Error_Handler	4	static,ignoring_inline_asm
